This is pdfTeX, Version 3.141592653-2.6-1.40.25 (MiKTeX 24.1) (preloaded format=pdflatex.fmt)
 restricted \write18 enabled.
entering extended mode
(report.tex
LaTeX2e <2023-11-01> patch level 1
L3 programming layer <2024-01-04>
(C:\Users\LENOVO\AppData\Local\Programs\MiKTeX\tex/latex/base\article.cls
Document Class: article 2023/05/17 v1.4n Standard LaTeX document class
(C:\Users\LENOVO\AppData\Local\Programs\MiKTeX\tex/latex/base\size12.clo))
(C:\Users\LENOVO\AppData\Local\Programs\MiKTeX\tex/latex/base\inputenc.sty)
(C:\Users\LENOVO\AppData\Local\Programs\MiKTeX\tex/latex/amsmath\amsmath.sty
For additional information on amsmath, use the `?' option.
(C:\Users\LENOVO\AppData\Local\Programs\MiKTeX\tex/latex/amsmath\amstext.sty
(C:\Users\LENOVO\AppData\Local\Programs\MiKTeX\tex/latex/amsmath\amsgen.sty))
(C:\Users\LENOVO\AppData\Local\Programs\MiKTeX\tex/latex/amsmath\amsbsy.sty)
(C:\Users\LENOVO\AppData\Local\Programs\MiKTeX\tex/latex/amsmath\amsopn.sty))
(C:\Users\LENOVO\AppData\Local\Programs\MiKTeX\tex/latex/amsfonts\amssymb.sty
(C:\Users\LENOVO\AppData\Local\Programs\MiKTeX\tex/latex/amsfonts\amsfonts.sty)
)
(C:\Users\LENOVO\AppData\Local\Programs\MiKTeX\tex/latex/graphics\graphicx.sty
(C:\Users\LENOVO\AppData\Local\Programs\MiKTeX\tex/latex/graphics\keyval.sty)
(C:\Users\LENOVO\AppData\Local\Programs\MiKTeX\tex/latex/graphics\graphics.sty
(C:\Users\LENOVO\AppData\Local\Programs\MiKTeX\tex/latex/graphics\trig.sty)
(C:\Users\LENOVO\AppData\Local\Programs\MiKTeX\tex/latex/graphics-cfg\graphics.
cfg)
(C:\Users\LENOVO\AppData\Local\Programs\MiKTeX\tex/latex/graphics-def\pdftex.de
f)))
(C:\Users\LENOVO\AppData\Local\Programs\MiKTeX\tex/latex/booktabs\booktabs.sty)
 (C:\Users\LENOVO\AppData\Local\Programs\MiKTeX\tex/latex/tools\tabularx.sty
(C:\Users\LENOVO\AppData\Local\Programs\MiKTeX\tex/latex/tools\array.sty))
(C:\Users\LENOVO\AppData\Local\Programs\MiKTeX\tex/latex/hyperref\hyperref.sty
(C:\Users\LENOVO\AppData\Local\Programs\MiKTeX\tex/generic/iftex\iftex.sty)
(C:\Users\LENOVO\AppData\Local\Programs\MiKTeX\tex/generic/infwarerr\infwarerr.
sty)
(C:\Users\LENOVO\AppData\Local\Programs\MiKTeX\tex/latex/kvsetkeys\kvsetkeys.st
y)
(C:\Users\LENOVO\AppData\Local\Programs\MiKTeX\tex/generic/kvdefinekeys\kvdefin
ekeys.sty)
(C:\Users\LENOVO\AppData\Local\Programs\MiKTeX\tex/generic/pdfescape\pdfescape.
sty
(C:\Users\LENOVO\AppData\Local\Programs\MiKTeX\tex/generic/ltxcmds\ltxcmds.sty)

(C:\Users\LENOVO\AppData\Local\Programs\MiKTeX\tex/generic/pdftexcmds\pdftexcmd
s.sty))
(C:\Users\LENOVO\AppData\Local\Programs\MiKTeX\tex/latex/hycolor\hycolor.sty)
(C:\Users\LENOVO\AppData\Local\Programs\MiKTeX\tex/latex/letltxmacro\letltxmacr
o.sty)
(C:\Users\LENOVO\AppData\Local\Programs\MiKTeX\tex/latex/auxhook\auxhook.sty)
(C:\Users\LENOVO\AppData\Local\Programs\MiKTeX\tex/latex/hyperref\nameref.sty
(C:\Users\LENOVO\AppData\Local\Programs\MiKTeX\tex/latex/refcount\refcount.sty)

(C:\Users\LENOVO\AppData\Local\Programs\MiKTeX\tex/generic/gettitlestring\getti
tlestring.sty
(C:\Users\LENOVO\AppData\Local\Programs\MiKTeX\tex/latex/kvoptions\kvoptions.st
y)))
(C:\Users\LENOVO\AppData\Local\Programs\MiKTeX\tex/latex/etoolbox\etoolbox.sty)
(C:\Users\LENOVO\AppData\Local\Programs\MiKTeX\tex/latex/hyperref\pd1enc.def)
(C:\Users\LENOVO\AppData\Local\Programs\MiKTeX\tex/generic/intcalc\intcalc.sty)
(C:\Users\LENOVO\AppData\Local\Programs\MiKTeX\tex/latex/hyperref\puenc.def)
(C:\Users\LENOVO\AppData\Local\Programs\MiKTeX\tex/latex/url\url.sty)
(C:\Users\LENOVO\AppData\Local\Programs\MiKTeX\tex/generic/bitset\bitset.sty
(C:\Users\LENOVO\AppData\Local\Programs\MiKTeX\tex/generic/bigintcalc\bigintcal
c.sty))
(C:\Users\LENOVO\AppData\Local\Programs\MiKTeX\tex/latex/base\atbegshi-ltx.sty)
) (C:\Users\LENOVO\AppData\Local\Programs\MiKTeX\tex/latex/hyperref\hpdftex.def

(C:\Users\LENOVO\AppData\Local\Programs\MiKTeX\tex/latex/base\atveryend-ltx.sty
)
(C:\Users\LENOVO\AppData\Local\Programs\MiKTeX\tex/latex/rerunfilecheck\rerunfi
lecheck.sty
(C:\Users\LENOVO\AppData\Local\Programs\MiKTeX\tex/generic/uniquecounter\unique
counter.sty)))
(C:\Users\LENOVO\AppData\Local\Programs\MiKTeX\tex/latex/geometry\geometry.sty
(C:\Users\LENOVO\AppData\Local\Programs\MiKTeX\tex/generic/iftex\ifvtex.sty)
(C:\Users\LENOVO\AppData\Local\Programs\MiKTeX\tex/latex/geometry\geometry.cfg)
) (C:\Users\LENOVO\AppData\Local\Programs\MiKTeX\tex/latex/float\float.sty)
(C:\Users\LENOVO\AppData\Local\Programs\MiKTeX\tex/latex/listings\listings.sty
(C:\Users\LENOVO\AppData\Local\Programs\MiKTeX\tex/latex/listings\lstmisc.sty)
(C:\Users\LENOVO\AppData\Local\Programs\MiKTeX\tex/latex/listings\listings.cfg)
) (C:\Users\LENOVO\AppData\Local\Programs\MiKTeX\tex/latex/xcolor\xcolor.sty
(C:\Users\LENOVO\AppData\Local\Programs\MiKTeX\tex/latex/graphics-cfg\color.cfg
)
(C:\Users\LENOVO\AppData\Local\Programs\MiKTeX\tex/latex/graphics\mathcolor.ltx
)) (C:\Users\LENOVO\AppData\Local\Programs\MiKTeX\tex/latex/caption\caption.sty
(C:\Users\LENOVO\AppData\Local\Programs\MiKTeX\tex/latex/caption\caption3.sty))
 (C:\Users\LENOVO\AppData\Local\Programs\MiKTeX\tex/latex/preprint\authblk.sty)
 (C:\Users\LENOVO\AppData\Local\Programs\MiKTeX\tex/latex/fancyhdr\fancyhdr.sty
) (C:\Users\LENOVO\AppData\Local\Programs\MiKTeX\tex/latex/xurl\xurl.sty)
(C:\Users\LENOVO\AppData\Local\Programs\MiKTeX\tex/latex/l3backend\l3backend-pd
ftex.def) (report.aux)
(C:\Users\LENOVO\AppData\Local\Programs\MiKTeX\tex/context/base/mkii\supp-pdf.m
kii
[Loading MPS to PDF converter (version 2006.09.02).]
)
(C:\Users\LENOVO\AppData\Local\Programs\MiKTeX\tex/latex/epstopdf-pkg\epstopdf-
base.sty
(C:\Users\LENOVO\AppData\Local\Programs\MiKTeX\tex/latex/00miktex\epstopdf-sys.
cfg)) (report.out) (report.out)
*geometry* driver: auto-detecting
*geometry* detected driver: pdftex
(C:\Users\LENOVO\AppData\Local\Programs\MiKTeX\tex/latex/amsfonts\umsa.fd)
(C:\Users\LENOVO\AppData\Local\Programs\MiKTeX\tex/latex/amsfonts\umsb.fd)
[1{C:/Users/LENOVO/AppData/Local/MiKTeX/fonts/map/pdftex/pdftex.map}]
(report.toc [2] [3]) [4] [5]
Overfull \vbox (163.0462pt too high) has occurred while \output is active
[6 <./schemas and snippets/shema1 (1).png>]
Overfull \hbox (58.96657pt too wide) detected at line 180
[][][]\OML/cmm/m/it/12 D[] \OT1/cmr/m/n/12 = []
[7]
(C:\Users\LENOVO\AppData\Local\Programs\MiKTeX\tex/latex/listings\lstlang1.sty)
[8] [9] [10 <./schemas and snippets/dio_flowchart.png>] [11 <./schemas and snip
pets/comparaison_table_of_results_for_pressure_vessel_design_problem_between_di
o_and_other_algos.png>] [12] [13 <./schemas and snippets/dio_optimise_snippet.p
ng>] [14] [15 <./schemas and snippets/shema4 (1).png>] [16 <./schemas and snipp
ets/shema5 (1).PNG>] [17 <./schemas and snippets/feature_selection_objective_fu
nc_rf.png>] [18 <./schemas and snippets/hyperparameter_objective_func_rf.png>]
[19] [20 <./schemas and snippets/outer_optimization_and_retreiving_results.png>
] [21] [22] [23 <./statistical_comparison_visualization.png>] [24 <./model_comp
arison_visualization.png>] [25] [26 <./schemas and snippets/Shema2 (1).png>]
Overfull \hbox (37.4642pt too wide) in paragraph at lines 621--622
[]\OT1/cmr/bx/n/12 Optimized Hy-per-pa-ram-e-ters: \OT1/cmr/m/n/12 n[]estimator
s=174, max[]depth=15, min[]samples[]split=6,
[27] [28 <./cv_optimization/model_comparison_visualization_cv.png>] [29 <./cv_o
ptimization/statistical_comparison_visualization_cv.png> <./cv_optimization/ind
ividual_model_trends_cv.png>] [30 <./cv_optimization/roc_curves_cv.png>]
[31] [32] [33 <./schemas and snippets/xgboost_hyperparameters_search_space_canc
er.png>] [34 <./xgboost_optimization_visualization.png>] [35 <./xgboost_statist
ical_comparison_visualization.png>]
Overfull \hbox (55.19073pt too wide) in paragraph at lines 821--833
 [][] 

Overfull \hbox (5.1007pt too wide) in paragraph at lines 839--840
[]\OT1/cmr/bx/n/12 Unexpectedly\OT1/cmr/m/n/12 , single-split XG-Boost op-ti-mi
za-tion com-pleted in just 54 seconds|526$\OMS/cmsy/m/n/12 ^^B$
[36]
Overfull \hbox (11.99702pt too wide) in paragraph at lines 866--867
[]\OT1/cmr/m/n/12 For high-stakes di-ag-no-sis re-quir-ing max-i-mum ac-cu-racy
, the \OT1/cmr/bx/n/12 DIO-XGBoost-Optimized
[37]
Overfull \hbox (4.5188pt too wide) in paragraph at lines 897--898
\OT1/cmr/m/n/12 pen-sive than a se-quen-tial hyper-heuristic strat-egy. A hyper
-heuristic ap-proach|optimizing
[38]
Overfull \hbox (1.22514pt too wide) in paragraph at lines 928--929
[]\OT1/cmr/bx/n/12 Computational Op-ti-miza-tion: \OT1/cmr/m/n/12 Im-ple-ment p
ar-al-leliza-tion strate-gies for CV-based
[39] [40] [41] [42 <./data/cifar10_samples.png> <./data/model_test_accuracy.png
>] [43] [44 <./schemas and snippets/xgboost_hyperparameters_search_space_images
.png>] [45] [46 <./data/cifar10_xgboost_dio_visualization.png>]
Overfull \hbox (6.38191pt too wide) in paragraph at lines 1197--1207
 [][] 
[47] [48 <./data/cifar10_statistical_comparison_visualization.png>]
Overfull \hbox (56.81982pt too wide) in paragraph at lines 1246--1265
 [][] 

Overfull \hbox (21.309pt too wide) in paragraph at lines 1269--1270
[]\OT1/cmr/bx/n/12 Budget Mat-ters More Than We Thought: \OT1/cmr/m/n/12 Our me
d-i-cal re-sults were excellent|RF-
[49]
Overfull \hbox (14.89548pt too wide) in paragraph at lines 1284--1285
\OT1/cmr/m/n/12 The CIFAR-10 ex-ten-sion demon-strates DIO's ap-pli-ca-bil-ity 
to mod-ern deep learn-ing pipelines: 
[50] [51]
Overfull \hbox (7.09065pt too wide) in paragraph at lines 1333--1334
[]$[]$ \OT1/cmr/bx/n/12 High-Dimensional Ro-bust-ness: \OT1/cmr/m/n/12 Achieved
 58.35% fea-ture re-duc-tion with +2.8%
[52] [53] [54 <./schemas and snippets/Shema6 (1).PNG>] [55]
Overfull \vbox (17.37769pt too high) has occurred while \output is active
[56 <./schemas and snippets/shema3 (1).png>]
Overfull \hbox (26.89156pt too wide) in paragraph at lines 1416--1417
[]\OT1/cmr/bx/n/12 Maximum In-ter-pretabil-ity: \OT1/cmr/m/n/12 DIO-RF-CV (96.2
6%, 6 fea-tures) for resource-constrained

Overfull \hbox (13.15134pt too wide) in paragraph at lines 1432--1433
[]\OT1/cmr/bx/n/12 Hybrid Pipeline Tem-plate: \OT1/cmr/m/n/12 Pre-trained CNN (
fea-ture ex-trac-tion) + DIO-optimized
[57] [58] [59] [60] (report.aux) )
(see the transcript file for additional information) <C:\Users\LENOVO\AppData\L
ocal\MiKTeX\fonts/pk/ljfour/jknappen/ec/dpi600\tcrm1200.pk><C:/Users/LENOVO/App
Data/Local/Programs/MiKTeX/fonts/type1/public/amsfonts/cm/cmbx10.pfb><C:/Users/
LENOVO/AppData/Local/Programs/MiKTeX/fonts/type1/public/amsfonts/cm/cmbx12.pfb>
<C:/Users/LENOVO/AppData/Local/Programs/MiKTeX/fonts/type1/public/amsfonts/cm/c
mex10.pfb><C:/Users/LENOVO/AppData/Local/Programs/MiKTeX/fonts/type1/public/ams
fonts/cm/cmmi10.pfb><C:/Users/LENOVO/AppData/Local/Programs/MiKTeX/fonts/type1/
public/amsfonts/cm/cmmi12.pfb><C:/Users/LENOVO/AppData/Local/Programs/MiKTeX/fo
nts/type1/public/amsfonts/cm/cmmi8.pfb><C:/Users/LENOVO/AppData/Local/Programs/
MiKTeX/fonts/type1/public/amsfonts/cm/cmr10.pfb><C:/Users/LENOVO/AppData/Local/
Programs/MiKTeX/fonts/type1/public/amsfonts/cm/cmr12.pfb><C:/Users/LENOVO/AppDa
ta/Local/Programs/MiKTeX/fonts/type1/public/amsfonts/cm/cmr17.pfb><C:/Users/LEN
OVO/AppData/Local/Programs/MiKTeX/fonts/type1/public/amsfonts/cm/cmr6.pfb><C:/U
sers/LENOVO/AppData/Local/Programs/MiKTeX/fonts/type1/public/amsfonts/cm/cmr7.p
fb><C:/Users/LENOVO/AppData/Local/Programs/MiKTeX/fonts/type1/public/amsfonts/c
m/cmr8.pfb><C:/Users/LENOVO/AppData/Local/Programs/MiKTeX/fonts/type1/public/am
sfonts/cm/cmsy10.pfb><C:/Users/LENOVO/AppData/Local/Programs/MiKTeX/fonts/type1
/public/amsfonts/cm/cmsy8.pfb><C:/Users/LENOVO/AppData/Local/Programs/MiKTeX/fo
nts/type1/public/amsfonts/cm/cmti12.pfb><C:/Users/LENOVO/AppData/Local/Programs
/MiKTeX/fonts/type1/public/amsfonts/cm/cmtt10.pfb><C:/Users/LENOVO/AppData/Loca
l/Programs/MiKTeX/fonts/type1/public/amsfonts/cm/cmtt12.pfb><C:/Users/LENOVO/Ap
pData/Local/Programs/MiKTeX/fonts/type1/public/amsfonts/symbols/msam10.pfb>
Output written on report.pdf (60 pages, 7947794 bytes).
Transcript written on report.log.
pdflatex : pdflatex: major issue: So far, 
you have not checked for MiKTeX updates.
At line:1 char:1
+ pdflatex -interaction=nonstopmode 
report.tex > compile_output.txt 2>& ...
+ ~~~~~~~~~~~~~~~~~~~~~~~~~~~~~~~~~~~~~~~~~
~~~~~~~~~~~~~~~~~~~~~~~~~~~~
    + CategoryInfo          : NotSpecified 
   : (pdflatex: major...MiKTeX updates.:S  
  tring) [], RemoteException
    + FullyQualifiedErrorId : NativeComman 
   dError
 
